[www.cecilia-afia.fr/index.html]
[gmpg.org/xfn/11.html]
[backblue.gif]
[fade.gif]
[index.html]
[www.cecilia-afia.fr/wp-includes/css/dist/block-library/style.min7404.css]
[www.google.com/index.html]
[www.cecilia-afia.fr/feed/index.html]
[www.cecilia-afia.fr/comments/feed/index.html]
[www.cecilia-afia.fr/wp-content/plugins/contact-form-7/includes/css/styles5406.css]
[www.cecilia-afia.fr/wp-content/themes/oceanwp/assets/fonts/fontawesome/css/all.min9e0b.css]
[www.cecilia-afia.fr/wp-content/themes/oceanwp/assets/css/third/simple-line-icons.min8d5a.css]
[www.cecilia-afia.fr/wp-content/themes/oceanwp/assets/css/style.minee9a.css]
[www.cecilia-afia.fr/wp-content/plugins/elementor/assets/lib/eicons/css/elementor-icons.min21f9.css]
[www.cecilia-afia.fr/wp-content/plugins/elementor/assets/lib/animations/animations.minaeb9.css]
[www.cecilia-afia.fr/wp-content/plugins/elementor/assets/css/frontend-legacy.minaeb9.css]
[www.cecilia-afia.fr/wp-content/plugins/elementor/assets/css/frontend.minaeb9.css]
[www.cecilia-afia.fr/wp-content/uploads/elementor/css/post-6742653.css]
[www.cecilia-afia.fr/wp-content/uploads/elementor/css/global2653.css]
[www.cecilia-afia.fr/wp-content/uploads/elementor/css/post-5364b7d.css]
[www.cecilia-afia.fr/wp-content/plugins/ocean-extra/assets/css/widgets7404.css]
[www.cecilia-afia.fr/wp-includes/js/jquery/jquery.minaf6c.js]
[www.cecilia-afia.fr/wp-includes/js/jquery/jquery-migrate.mind617.js]
[www.cecilia-afia.fr/wp-json/wp/v2/pages/536.json]
[www.cecilia-afia.fr/wp-json/index.html]
[www.cecilia-afia.fr/xmlrpc0db0.php]
[www.cecilia-afia.fr/wp-includes/wlwmanifest.xml]
[www.cecilia-afia.fr/wp-json/oembed/1.0/embed03f0.json]
[www.cecilia-afia.fr/wp-json/oembed/1.0/embed7f78]
[www.cecilia-afia.fr/wp-content/uploads/2018/01/cropped-logo-AFIA.png]
[www.cecilia-afia.fr/2022-informations-pratiques/index.html]
[www.cecilia-afia.fr/editions-precedentes/index.html]
[www.cecilia-afia.fr/2022-introduction/index.html]
[www.cecilia-afia.fr/wp-includes/js/dist/vendor/regenerator-runtime.min3937.js]
[www.cecilia-afia.fr/drivetogaether/2019-regles/index.html]
[www.cecilia-afia.fr/drivetogaether/index.html]
[www.cecilia-afia.fr/drivetogaether/2019-reglement/index.html]
[www.cecilia-afia.fr/drivetogaether/2019-inscription/index.html]
[www.cecilia-afia.fr/wp-includes/js/dist/vendor/wp-polyfill.min2c7c.js]
[www.cecilia-afia.fr/drivetogaether/2019-f-a-q/index.html]
[www.cecilia-afia.fr/drivetogaether/2019-info-pratique/index.html]
[www.cecilia-afia.fr/drivetogaether/2018-aide-pseudocode/index.html]
[www.cecilia-afia.fr/wp-content/plugins/contact-form-7/includes/js/index5406.js]
[www.cecilia-afia.fr/2019-resultats/index.html]
[www.cecilia-afia.fr/botcontest/2017-f-a-q/index.html]
[www.cecilia-afia.fr/botcontest/index.html]
[www.cecilia-afia.fr/botcontest/2017-resultats/index.html]
[www.cecilia-afia.fr/wp-includes/js/imagesloaded.mineda1.js]
[www.cecilia-afia.fr/wp-content/themes/oceanwp/assets/js/theme.minee9a.js]
[www.cecilia-afia.fr/ia-sur-robots/index.html]
[www.cecilia-afia.fr/les-nuits-de-linfo/index.html]
[www.cecilia-afia.fr/contact/index.html]
[www.cecilia-afia.fr/wp-content/themes/oceanwp/assets/js/drop-down-mobile-menu.minee9a.js]
[www.cecilia-afia.fr/wp-content/themes/oceanwp/assets/js/vendors/magnific-popup.minee9a.js]
[www.cecilia-afia.fr/wp-content/themes/oceanwp/assets/js/ow-lightbox.minee9a.js]
[www.cecilia-afia.fr/wp-content/themes/oceanwp/assets/js/vendors/flickity.pkgd.minee9a.js]
[www.cecilia-afia.fr/wp-content/themes/oceanwp/assets/js/ow-slider.minee9a.js]
[www.cecilia-afia.fr/wp-content/themes/oceanwp/assets/js/scroll-effect.minee9a.js]
[www.cecilia-afia.fr/wp-content/themes/oceanwp/assets/js/scroll-top.minee9a.js]
[www.cecilia-afia.fr/wp-content/themes/oceanwp/assets/js/select.minee9a.js]
[www.google.com/recaptcha/apib031.js]
[www.cecilia-afia.fr/wp-content/plugins/contact-form-7/modules/recaptcha/index5406.js]
[www.cecilia-afia.fr/wp-content/plugins/ocean-extra/includes/widgets/js/mailchimp.min7404.js]
[www.cecilia-afia.fr/wp-content/plugins/elementor/assets/js/webpack.runtime.minaeb9.js]
[www.cecilia-afia.fr/wp-content/plugins/elementor/assets/js/frontend-modules.minaeb9.js]
[www.cecilia-afia.fr/wp-includes/js/jquery/ui/core.min0028.js]
[www.cecilia-afia.fr/wp-content/plugins/elementor/assets/lib/dialog/dialog.mina288.js]
[www.cecilia-afia.fr/wp-content/plugins/elementor/assets/lib/waypoints/waypoints.min05da.js]
[www.cecilia-afia.fr/wp-content/plugins/elementor/assets/lib/share-link/share-link.minaeb9.js]
[www.cecilia-afia.fr/wp-content/plugins/elementor/assets/lib/swiper/swiper.min48f5.js]
[www.cecilia-afia.fr/wp-content/plugins/elementor/assets/js/frontend.minaeb9.js]
[www.cecilia-afia.fr/wp-content/plugins/elementor/assets/js/preloaded-elements-handlers.minaeb9.js]
[www.cecilia-afia.fr/index.html]
[gmpg.org/xfn/default.css]
[gmpg.org/xfn/.html]
[gmpg.org/xfn/intro.html]
[gmpg.org/xfn/faq.html]
[gmpg.org/xfn/11.html]
[www.google.com/images/branding/googlelogo/1x/googlelogo_white_background_color_272x92dp.png]
[www.google.com/index.html]
[s.w.org/index.html]
[fonts.googleapis.com/css0dfc.css]
[www.cecilia-afia.fr/wp-content/uploads/elementor/css/post-5561435.css]
[www.cecilia-afia.fr/wp-json/wp/v2/pages/556.json]
[www.cecilia-afia.fr/wp-json/oembed/1.0/embed555f.json]
[www.cecilia-afia.fr/2022-introduction/index.html]
[www.cecilia-afia.fr/wp-json/oembed/1.0/embedb1bb]
[www.cecilia-afia.fr/wp-content/uploads/elementor/css/post-560ee0a.css]
[www.cecilia-afia.fr/wp-json/wp/v2/pages/560.json]
[www.cecilia-afia.fr/wp-json/oembed/1.0/embede768.json]
[www.cecilia-afia.fr/2022-informations-pratiques/index.html]
[www.cecilia-afia.fr/wp-json/oembed/1.0/embed73c9]
[www.cecilia-afia.fr/wp-json/wp/v2/pages/17.json]
[www.cecilia-afia.fr/wp-json/oembed/1.0/embedecae.json]
[www.cecilia-afia.fr/editions-precedentes/index.html]
[www.cecilia-afia.fr/wp-json/oembed/1.0/embed0bbb]
[www.cecilia-afia.fr/wp-content/uploads/elementor/css/post-6184d.css]
[www.cecilia-afia.fr/wp-json/wp/v2/pages/6.json]
[www.cecilia-afia.fr/wp-json/oembed/1.0/embed4920.json]
[www.cecilia-afia.fr/wp-json/oembed/1.0/embed38c2]
[www.cecilia-afia.fr/drivetogaether/index.html]
[www.cecilia-afia.fr/wp-json/wp/v2/pages/28.json]
[www.cecilia-afia.fr/wp-json/oembed/1.0/embede5c2.json]
[www.cecilia-afia.fr/wp-json/oembed/1.0/embed3762]
[www.cecilia-afia.fr/drivetogaether/2019-regles/index.html]
[www.cecilia-afia.fr/wp-content/uploads/elementor/css/post-3179b33.css]
[www.cecilia-afia.fr/wp-json/wp/v2/pages/317.json]
[www.cecilia-afia.fr/wp-json/oembed/1.0/embedc7c5.json]
[www.cecilia-afia.fr/drivetogaether/2019-reglement/index.html]
[www.cecilia-afia.fr/wp-json/oembed/1.0/embedf092]
[www.cecilia-afia.fr/wp-json/wp/v2/pages/97.json]
[www.cecilia-afia.fr/wp-json/oembed/1.0/embed1916.json]
[www.cecilia-afia.fr/drivetogaether/2019-inscription/index.html]
[www.cecilia-afia.fr/wp-json/oembed/1.0/embed5439]
[www.cecilia-afia.fr/wp-json/wp/v2/pages/35.json]
[www.cecilia-afia.fr/wp-json/oembed/1.0/embed033e.json]
[www.cecilia-afia.fr/wp-json/oembed/1.0/embeddbd3]
[www.cecilia-afia.fr/wp-content/uploads/2018/01/robot-1.png]
[www.cecilia-afia.fr/wp-content/uploads/2018/01/robot-voit-droite-1.png]
[www.cecilia-afia.fr/wp-content/uploads/2018/01/robot-croisement-1.png]
[www.cecilia-afia.fr/drivetogaether/2018-aide-pseudocode/index.html]
[www.cecilia-afia.fr/wp-json/wp/v2/pages/64.json]
[www.cecilia-afia.fr/wp-json/oembed/1.0/embeded34.json]
[www.cecilia-afia.fr/drivetogaether/2019-f-a-q/index.html]
[www.cecilia-afia.fr/wp-json/oembed/1.0/embedc9a8]
[www.cecilia-afia.fr/wp-content/uploads/elementor/css/post-31c6f3.css]
[www.cecilia-afia.fr/wp-json/wp/v2/pages/31.json]
[www.cecilia-afia.fr/wp-json/oembed/1.0/embed1a11.json]
[www.cecilia-afia.fr/wp-json/oembed/1.0/embed10e4]
[www.cecilia-afia.fr/wp-content/uploads/2019/04/dollars.jpg]
[www.cecilia-afia.fr/drivetogaether/2019-info-pratique/index.html]
[www.cecilia-afia.fr/wp-content/uploads/elementor/css/post-367b5a8.css]
[www.cecilia-afia.fr/wp-json/wp/v2/pages/367.json]
[www.cecilia-afia.fr/wp-json/oembed/1.0/embed6930.json]
[www.cecilia-afia.fr/wp-json/oembed/1.0/embedfe16]
[www.cecilia-afia.fr/wp-content/uploads/2019/07/IMG_3400.jpg]
[www.cecilia-afia.fr/wp-content/uploads/2019/07/IMG_3400-300x200.jpg]
[www.cecilia-afia.fr/wp-content/uploads/2019/07/IMG_3415.jpg]
[www.cecilia-afia.fr/wp-content/uploads/2019/07/IMG_3415-200x300.jpg]
[www.cecilia-afia.fr/wp-content/uploads/2019/07/IMG_3418.jpg]
[www.cecilia-afia.fr/wp-content/uploads/2019/07/IMG_3418-200x300.jpg]
[www.cecilia-afia.fr/wp-content/uploads/2019/07/IMG_3428.jpg]
[www.cecilia-afia.fr/wp-content/uploads/2019/07/IMG_3428-200x300.jpg]
[www.cecilia-afia.fr/wp-content/uploads/2019/07/IMG_3440.jpg]
[www.cecilia-afia.fr/wp-content/uploads/2019/07/IMG_3440-300x200.jpg]
[www.cecilia-afia.fr/wp-content/uploads/2019/07/IMG_3446.jpg]
[www.cecilia-afia.fr/wp-content/uploads/2019/07/IMG_3446-200x300.jpg]
[www.cecilia-afia.fr/wp-content/uploads/2019/07/IMG_3457.jpg]
[www.cecilia-afia.fr/wp-content/uploads/2019/07/IMG_3457-200x300.jpg]
[www.cecilia-afia.fr/wp-content/uploads/2019/07/IMG_3461.jpg]
[www.cecilia-afia.fr/wp-content/uploads/2019/07/IMG_3461-200x300.jpg]
[www.cecilia-afia.fr/wp-content/uploads/2019/07/IMG_3470.jpg]
[www.cecilia-afia.fr/wp-content/uploads/2019/07/IMG_3470-200x300.jpg]
[www.cecilia-afia.fr/wp-content/uploads/2019/07/IMG_3475.jpg]
[www.cecilia-afia.fr/wp-content/uploads/2019/07/IMG_3475-200x300.jpg]
[www.cecilia-afia.fr/wp-content/uploads/2019/07/IMG_3484.jpg]
[www.cecilia-afia.fr/wp-content/uploads/2019/07/IMG_3484-300x200.jpg]
[www.cecilia-afia.fr/wp-content/uploads/2019/07/IMG_3491.jpg]
[www.cecilia-afia.fr/wp-content/uploads/2019/07/IMG_3491-300x200.jpg]
[www.cecilia-afia.fr/wp-content/uploads/2019/07/IMG_3502.jpg]
[www.cecilia-afia.fr/wp-content/uploads/2019/07/IMG_3502-200x300.jpg]
[www.cecilia-afia.fr/wp-content/uploads/2019/07/IMG_3506.jpg]
[www.cecilia-afia.fr/wp-content/uploads/2019/07/IMG_3506-300x200.jpg]
[www.cecilia-afia.fr/wp-content/uploads/2019/07/IMG_3520.jpg]
[www.cecilia-afia.fr/wp-content/uploads/2019/07/IMG_3520-200x300.jpg]
[www.cecilia-afia.fr/wp-content/uploads/2019/07/IMG_3534.jpg]
[www.cecilia-afia.fr/wp-content/uploads/2019/07/IMG_3534-300x200.jpg]
[www.cecilia-afia.fr/wp-content/uploads/2019/07/IMG_3541.jpg]
[www.cecilia-afia.fr/wp-content/uploads/2019/07/IMG_3541-200x300.jpg]
[www.cecilia-afia.fr/wp-content/uploads/2019/07/IMG_3544.jpg]
[www.cecilia-afia.fr/wp-content/uploads/2019/07/IMG_3544-300x200.jpg]
[www.cecilia-afia.fr/wp-content/uploads/2019/07/IMG_3567.jpg]
[www.cecilia-afia.fr/wp-content/uploads/2019/07/IMG_3567-200x300.jpg]
[www.cecilia-afia.fr/wp-content/uploads/2019/07/IMG_3577.jpg]
[www.cecilia-afia.fr/wp-content/uploads/2019/07/IMG_3577-300x200.jpg]
[www.cecilia-afia.fr/wp-content/uploads/2019/07/IMG_3597.jpg]
[www.cecilia-afia.fr/wp-content/uploads/2019/07/IMG_3597-300x200.jpg]
[www.cecilia-afia.fr/wp-content/uploads/2019/07/IMG_3607.jpg]
[www.cecilia-afia.fr/wp-content/uploads/2019/07/IMG_3607-300x200.jpg]
[www.cecilia-afia.fr/wp-content/uploads/2019/07/IMG_3608.jpg]
[www.cecilia-afia.fr/wp-content/uploads/2019/07/IMG_3608-200x300.jpg]
[www.cecilia-afia.fr/wp-content/uploads/2019/07/IMG_3610.jpg]
[www.cecilia-afia.fr/wp-content/uploads/2019/07/IMG_3610-200x300.jpg]
[www.cecilia-afia.fr/wp-content/uploads/2019/07/IMG_3633.jpg]
[www.cecilia-afia.fr/wp-content/uploads/2019/07/IMG_3633-300x200.jpg]
[www.cecilia-afia.fr/wp-content/uploads/2019/07/IMG_3660.jpg]
[www.cecilia-afia.fr/wp-content/uploads/2019/07/IMG_3660-200x300.jpg]
[www.cecilia-afia.fr/wp-content/uploads/2019/07/IMG_3668.jpg]
[www.cecilia-afia.fr/wp-content/uploads/2019/07/IMG_3668-200x300.jpg]
[www.cecilia-afia.fr/wp-content/uploads/2019/07/IMG_3693.jpg]
[www.cecilia-afia.fr/wp-content/uploads/2019/07/IMG_3693-200x300.jpg]
[www.cecilia-afia.fr/wp-content/uploads/2019/07/IMG_3696.jpg]
[www.cecilia-afia.fr/wp-content/uploads/2019/07/IMG_3696-300x200.jpg]
[www.cecilia-afia.fr/wp-content/uploads/2019/07/IMG_3702.jpg]
[www.cecilia-afia.fr/wp-content/uploads/2019/07/IMG_3702-300x200.jpg]
[www.cecilia-afia.fr/wp-content/uploads/2019/07/IMG_3703.jpg]
[www.cecilia-afia.fr/wp-content/uploads/2019/07/IMG_3703-200x300.jpg]
[www.cecilia-afia.fr/wp-content/uploads/2019/07/IMG_3716.jpg]
[www.cecilia-afia.fr/wp-content/uploads/2019/07/IMG_3716-300x200.jpg]
[www.cecilia-afia.fr/wp-content/uploads/2019/07/IMG_3754.jpg]
[www.cecilia-afia.fr/wp-content/uploads/2019/07/IMG_3754-300x200.jpg]
[www.cecilia-afia.fr/wp-content/uploads/2019/07/IMG_3781.jpg]
[www.cecilia-afia.fr/wp-content/uploads/2019/07/IMG_3781-300x200.jpg]
[www.cecilia-afia.fr/wp-content/uploads/2019/07/IMG_3786.jpg]
[www.cecilia-afia.fr/wp-content/uploads/2019/07/IMG_3786-300x200.jpg]
[www.cecilia-afia.fr/wp-content/uploads/2019/07/IMG_3789.jpg]
[www.cecilia-afia.fr/wp-content/uploads/2019/07/IMG_3789-200x300.jpg]
[www.cecilia-afia.fr/wp-content/uploads/2019/07/IMG_3820.jpg]
[www.cecilia-afia.fr/wp-content/uploads/2019/07/IMG_3820-200x300.jpg]
[www.cecilia-afia.fr/wp-content/uploads/2019/07/IMG_3828.jpg]
[www.cecilia-afia.fr/wp-content/uploads/2019/07/IMG_3828-300x200.jpg]
[www.cecilia-afia.fr/wp-content/uploads/2019/07/IMG_3830.jpg]
[www.cecilia-afia.fr/wp-content/uploads/2019/07/IMG_3830-300x200.jpg]
[www.cecilia-afia.fr/wp-content/uploads/2019/07/IMG_3842.jpg]
[www.cecilia-afia.fr/wp-content/uploads/2019/07/IMG_3842-300x200.jpg]
[www.cecilia-afia.fr/wp-content/uploads/2019/07/IMG_3847.jpg]
[www.cecilia-afia.fr/wp-content/uploads/2019/07/IMG_3847-300x200.jpg]
[www.cecilia-afia.fr/wp-content/uploads/2019/07/IMG_3848.jpg]
[www.cecilia-afia.fr/wp-content/uploads/2019/07/IMG_3848-300x200.jpg]
[www.cecilia-afia.fr/wp-content/uploads/2019/07/IMG_3860.jpg]
[www.cecilia-afia.fr/wp-content/uploads/2019/07/IMG_3860-300x200.jpg]
[www.cecilia-afia.fr/wp-content/uploads/2019/07/IMG_3874.jpg]
[www.cecilia-afia.fr/wp-content/uploads/2019/07/IMG_3874-200x300.jpg]
[www.cecilia-afia.fr/wp-content/uploads/2019/07/IMG_3885.jpg]
[www.cecilia-afia.fr/wp-content/uploads/2019/07/IMG_3885-200x300.jpg]
[www.cecilia-afia.fr/wp-content/uploads/2019/07/IMG_3906.jpg]
[www.cecilia-afia.fr/wp-content/uploads/2019/07/IMG_3906-200x300.jpg]
[www.cecilia-afia.fr/wp-content/uploads/2019/07/IMG_3912.jpg]
[www.cecilia-afia.fr/wp-content/uploads/2019/07/IMG_3912-300x200.jpg]
[www.cecilia-afia.fr/wp-content/uploads/2019/07/IMG_3930.jpg]
[www.cecilia-afia.fr/wp-content/uploads/2019/07/IMG_3930-200x300.jpg]
[www.cecilia-afia.fr/wp-content/uploads/2019/07/IMG_3939.jpg]
[www.cecilia-afia.fr/wp-content/uploads/2019/07/IMG_3939-200x300.jpg]
[www.cecilia-afia.fr/wp-content/uploads/2019/07/IMG_3949.jpg]
[www.cecilia-afia.fr/wp-content/uploads/2019/07/IMG_3949-200x300.jpg]
[www.cecilia-afia.fr/wp-content/uploads/2019/07/IMG_3954.jpg]
[www.cecilia-afia.fr/wp-content/uploads/2019/07/IMG_3954-200x300.jpg]
[www.cecilia-afia.fr/wp-content/uploads/2019/07/IMG_3984.jpg]
[www.cecilia-afia.fr/wp-content/uploads/2019/07/IMG_3984-200x300.jpg]
[www.cecilia-afia.fr/wp-content/uploads/2019/07/IMG_3997.jpg]
[www.cecilia-afia.fr/wp-content/uploads/2019/07/IMG_3997-300x200.jpg]
[www.cecilia-afia.fr/wp-content/uploads/2019/07/IMG_4004.jpg]
[www.cecilia-afia.fr/wp-content/uploads/2019/07/IMG_4004-200x300.jpg]
[www.cecilia-afia.fr/wp-content/uploads/2019/07/IMG_4016.jpg]
[www.cecilia-afia.fr/wp-content/uploads/2019/07/IMG_4016-300x200.jpg]
[www.cecilia-afia.fr/wp-content/uploads/2019/07/IMG_4022.jpg]
[www.cecilia-afia.fr/wp-content/uploads/2019/07/IMG_4022-300x200.jpg]
[www.cecilia-afia.fr/wp-content/uploads/2019/07/IMG_4028.jpg]
[www.cecilia-afia.fr/wp-content/uploads/2019/07/IMG_4028-300x200.jpg]
[www.cecilia-afia.fr/wp-content/uploads/2019/07/IMG_4038.jpg]
[www.cecilia-afia.fr/wp-content/uploads/2019/07/IMG_4038-300x200.jpg]
[www.cecilia-afia.fr/wp-content/uploads/2019/07/IMG_4041.jpg]
[www.cecilia-afia.fr/wp-content/uploads/2019/07/IMG_4041-300x200.jpg]
[www.cecilia-afia.fr/wp-content/uploads/2019/07/IMG_4068.jpg]
[www.cecilia-afia.fr/wp-content/uploads/2019/07/IMG_4068-300x200.jpg]
[www.cecilia-afia.fr/wp-content/uploads/2019/07/IMG_4075.jpg]
[www.cecilia-afia.fr/wp-content/uploads/2019/07/IMG_4075-300x200.jpg]
[www.cecilia-afia.fr/wp-content/uploads/2019/07/IMG_4081.jpg]
[www.cecilia-afia.fr/wp-content/uploads/2019/07/IMG_4081-300x200.jpg]
[www.cecilia-afia.fr/wp-content/uploads/2019/07/IMG_4102.jpg]
[www.cecilia-afia.fr/wp-content/uploads/2019/07/IMG_4102-200x300.jpg]
[www.cecilia-afia.fr/wp-content/uploads/2019/07/IMG_4108.jpg]
[www.cecilia-afia.fr/wp-content/uploads/2019/07/IMG_4108-300x200.jpg]
[www.cecilia-afia.fr/2019-resultats/index.html]
[www.cecilia-afia.fr/wp-content/uploads/elementor/css/post-85be2.css]
[www.cecilia-afia.fr/wp-json/wp/v2/pages/8.json]
[www.cecilia-afia.fr/wp-json/oembed/1.0/embeda525.json]
[www.cecilia-afia.fr/wp-json/oembed/1.0/embede3f4]
[www.cecilia-afia.fr/wp-content/uploads/2018/01/Botcontest2017-long-768x45.png]
[www.cecilia-afia.fr/wp-content/uploads/2018/01/logo-AFIA.png]
[www.cecilia-afia.fr/wp-content/uploads/2018/01/LabSTICC.png]
[www.cecilia-afia.fr/wp-content/uploads/2018/01/cerv.png]
[www.cecilia-afia.fr/wp-content/uploads/2018/01/ENIB.png]
[www.cecilia-afia.fr/wp-content/uploads/2018/01/Flyer-722x1024.jpg]
[www.cecilia-afia.fr/botcontest/index.html]
[www.cecilia-afia.fr/wp-json/wp/v2/pages/123.json]
[www.cecilia-afia.fr/wp-json/oembed/1.0/embed13eb.json]
[www.cecilia-afia.fr/botcontest/2017-f-a-q/index.html]
[www.cecilia-afia.fr/wp-json/oembed/1.0/embed46bf]
[www.cecilia-afia.fr/wp-content/uploads/elementor/css/post-1264c6b.css]
[www.cecilia-afia.fr/wp-json/wp/v2/pages/126.json]
[www.cecilia-afia.fr/wp-json/oembed/1.0/embed183a.json]
[www.cecilia-afia.fr/botcontest/2017-resultats/index.html]
[www.cecilia-afia.fr/wp-json/oembed/1.0/embed16c6]
[www.cecilia-afia.fr/wp-content/uploads/elementor/css/post-10ca58.css]
[www.cecilia-afia.fr/wp-json/wp/v2/pages/10.json]
[www.cecilia-afia.fr/wp-json/oembed/1.0/embedf326.json]
[www.cecilia-afia.fr/wp-json/oembed/1.0/embede0d5]
[www.cecilia-afia.fr/wp-content/uploads/2018/10/brain-direct.jpg]
[www.cecilia-afia.fr/wp-content/uploads/2018/10/brain-direct-235x182.jpg]
[www.cecilia-afia.fr/wp-content/uploads/2018/10/robots-direct.jpg]
[www.cecilia-afia.fr/wp-content/uploads/2018/10/robots-direct-235x182.jpg]
[www.cecilia-afia.fr/wp-content/uploads/2018/10/robots-inverse.jpg]
[www.cecilia-afia.fr/wp-content/uploads/2018/10/robots-inverse-235x182.jpg]
[www.cecilia-afia.fr/wp-content/uploads/2018/10/brain-inverse.jpg]
[www.cecilia-afia.fr/wp-content/uploads/2018/10/brain-inverse-235x182.jpg]
[www.cecilia-afia.fr/wp-content/uploads/2018/10/Systematic-logo-800px.png]
[www.cecilia-afia.fr/wp-content/uploads/2018/10/Systematic-logo-800px-300x112.png]
[www.cecilia-afia.fr/wp-content/uploads/2018/10/iut-uca.png]
[www.cecilia-afia.fr/wp-content/uploads/2018/10/iut-uca-300x300.png]
[www.cecilia-afia.fr/wp-content/uploads/2018/01/ENIB-300x143.png]
[www.cecilia-afia.fr/ia-sur-robots/index.html]
[www.cecilia-afia.fr/wp-content/uploads/elementor/css/post-14db50.css]
[www.cecilia-afia.fr/wp-json/wp/v2/pages/14.json]
[www.cecilia-afia.fr/wp-json/oembed/1.0/embeddfc6.json]
[www.cecilia-afia.fr/wp-json/oembed/1.0/embed1c66]
[www.cecilia-afia.fr/wp-content/uploads/2021/12/n2i2021_wallpaper-150x150.png]
[www.nuitdelinfo.com/materiel_communication/2021/la_nuit_de_l_info_2021_-_sujet.pdf]
[nuitdelinfo.com/La_Nuit_de_l_Info_2020-Sujet.pdf]
[www.cecilia-afia.fr/wp-content/uploads/2020/12/n2i2020_affiche_s-150x150.png]
[www.cecilia-afia.fr/wp-content/uploads/2019/11/n2i2019_affiche_m-e1575041972826.png]
[www.nuitdelinfo.com/sujet-N2I-2018.pdf]
[www.cecilia-afia.fr/wp-content/uploads/2019/02/n2i_2018_carre_hd.png]
[www.cecilia-afia.fr/wp-content/uploads/2018/01/nuitinfo2017.png]
[www.nuitdelinfo.com/nuitinfo/_media/sujet_n2i_2016.pdf_;]
[www.cecilia-afia.fr/wp-content/uploads/2018/01/nuitinfo2016-300x220.jpg]
[www.cecilia-afia.fr/wp-content/uploads/2018/01/nuitinfo2015-1024x282.jpg]
[afia.asso.fr/wp-content/uploads/2019/04/95_jan17-.pdf]
[www.nuitdelinfo.com/nuitinfo/_media/sujet_n2i_2015.pdf_;]
[www.cecilia-afia.fr/les-nuits-de-linfo/index.html]
[afia.asso.fr/wp-content/uploads/2019/02/103_jan19.pdf]
[www.cecilia-afia.fr/wp-json/wp/v2/pages/12.json]
[www.cecilia-afia.fr/wp-json/oembed/1.0/embed7b36.json]
[afia.asso.fr/wp-content/uploads/2015/06/91_jan16.pdf]
[www.cecilia-afia.fr/contact/index.html]
[gmpg.org/xfn/.html]
[gmpg.org/xfn/intro.html]
[gmpg.org/xfn/faq.html]
[www.cecilia-afia.fr/indexa215.html]
[www.cecilia-afia.fr/index46ad.html]
[www.cecilia-afia.fr/indexd8eb.html]
[www.cecilia-afia.fr/index42dc.html]
[www.cecilia-afia.fr/index3c55.html]
[www.cecilia-afia.fr/index4ef8.html]
[www.cecilia-afia.fr/indexb190.html]
[www.cecilia-afia.fr/index5c90.html]
[www.cecilia-afia.fr/index8cd4.html]
[www.cecilia-afia.fr/indexc7e3.html]
[www.cecilia-afia.fr/index55d4.html]
[www.cecilia-afia.fr/index2df4.html]
[www.cecilia-afia.fr/indexb8c4.html]
[www.cecilia-afia.fr/index4ab3.html]
[www.cecilia-afia.fr/index64b4.html]
[www.cecilia-afia.fr/index0b69.html]
[www.cecilia-afia.fr/index678b.html]
[www.cecilia-afia.fr/wp-json/oembed/1.0/embedbe8a]
[www.cecilia-afia.fr/wp-json/index.html]
[www.cecilia-afia.fr/wp-json/wp/v2/pages/536.json]
[www.cecilia-afia.fr/wp-includes/css/dist/block-library/style.min7404.css]
[www.cecilia-afia.fr/wp-content/plugins/contact-form-7/includes/css/styles5406.css]
[www.cecilia-afia.fr/xmlrpc0db0.php]
[www.cecilia-afia.fr/wp-content/themes/oceanwp/assets/fonts/fontawesome/webfonts/fa-brands-400.eot]
[www.cecilia-afia.fr/wp-json/oembed/1.0/embed03f0.json]
[www.cecilia-afia.fr/wp-json/oembed/1.0/embed7f78]
[www.cecilia-afia.fr/wp-content/themes/oceanwp/assets/fonts/fontawesome/webfonts/fa-brands-400d41d.eot]
[www.google.com/recaptcha/apib031.js]
[www.cecilia-afia.fr/wp-json/oembed/1.0/embed555f.json]
[www.cecilia-afia.fr/wp-json/wp/v2/pages/556.json]
[www.cecilia-afia.fr/wp-json/oembed/1.0/embedb1bb]
[www.cecilia-afia.fr/wp-content/themes/oceanwp/assets/fonts/fontawesome/webfonts/fa-brands-400.woff]
[www.cecilia-afia.fr/wp-json/oembed/1.0/embede768.json]
[www.cecilia-afia.fr/wp-json/wp/v2/pages/560.json]
[www.cecilia-afia.fr/wp-json/oembed/1.0/embed73c9]
[www.cecilia-afia.fr/wp-content/themes/oceanwp/assets/fonts/fontawesome/webfonts/fa-brands-400.ttf]
[www.cecilia-afia.fr/wp-json/oembed/1.0/embedecae.json]
[www.cecilia-afia.fr/wp-json/wp/v2/pages/17.json]
[www.cecilia-afia.fr/wp-json/oembed/1.0/embed0bbb]
[www.cecilia-afia.fr/wp-json/oembed/1.0/embed4920.json]
[www.cecilia-afia.fr/wp-json/wp/v2/pages/6.json]
[www.cecilia-afia.fr/wp-json/oembed/1.0/embed38c2]
[www.cecilia-afia.fr/wp-content/themes/oceanwp/assets/fonts/fontawesome/webfonts/fa-regular-400.eot]
[www.cecilia-afia.fr/wp-content/themes/oceanwp/assets/fonts/fontawesome/webfonts/fa-regular-400d41d.eot]
[www.cecilia-afia.fr/wp-json/wp/v2/pages/28.json]
[www.cecilia-afia.fr/wp-json/oembed/1.0/embede5c2.json]
[www.cecilia-afia.fr/wp-json/oembed/1.0/embedc7c5.json]
[www.cecilia-afia.fr/wp-json/oembed/1.0/embed3762]
[www.cecilia-afia.fr/wp-json/wp/v2/pages/317.json]
[www.cecilia-afia.fr/wp-json/oembed/1.0/embedf092]
[www.cecilia-afia.fr/wp-json/oembed/1.0/embed1916.json]
[www.cecilia-afia.fr/wp-json/oembed/1.0/embed5439]
[www.cecilia-afia.fr/wp-json/wp/v2/pages/97.json]
[www.cecilia-afia.fr/wp-content/themes/oceanwp/assets/fonts/fontawesome/webfonts/fa-regular-400.woff]
[www.cecilia-afia.fr/wp-json/oembed/1.0/embed033e.json]
[www.cecilia-afia.fr/wp-json/wp/v2/pages/64.json]
[www.cecilia-afia.fr/wp-json/oembed/1.0/embeddbd3]
[www.cecilia-afia.fr/wp-json/wp/v2/pages/35.json]
[www.cecilia-afia.fr/wp-content/themes/oceanwp/assets/fonts/fontawesome/webfonts/fa-regular-400.ttf]
[www.cecilia-afia.fr/wp-json/oembed/1.0/embeded34.json]
[www.cecilia-afia.fr/wp-json/oembed/1.0/embedc9a8]
[www.cecilia-afia.fr/wp-json/oembed/1.0/embed1a11.json]
[www.cecilia-afia.fr/wp-json/wp/v2/pages/31.json]
[www.cecilia-afia.fr/wp-json/oembed/1.0/embed10e4]
[www.cecilia-afia.fr/wp-json/oembed/1.0/embed6930.json]
[www.cecilia-afia.fr/wp-json/wp/v2/pages/367.json]
[www.cecilia-afia.fr/wp-content/themes/oceanwp/assets/fonts/fontawesome/webfonts/fa-solid-900.eot]
[www.cecilia-afia.fr/wp-json/oembed/1.0/embedfe16]
[www.cecilia-afia.fr/wp-content/themes/oceanwp/assets/fonts/fontawesome/webfonts/fa-solid-900d41d.eot]
[www.cecilia-afia.fr/wp-content/themes/oceanwp/assets/fonts/fontawesome/webfonts/fa-solid-900.woff]
[www.cecilia-afia.fr/wp-content/themes/oceanwp/assets/fonts/fontawesome/webfonts/fa-solid-900.ttf]
[www.cecilia-afia.fr/wp-content/themes/oceanwp/assets/fonts/fontawesome/css/all.min9e0b.css]
[www.cecilia-afia.fr/wp-content/themes/oceanwp/assets/fonts/simple-line-icons/Simple-Line-Iconsb26c.eot]
[www.cecilia-afia.fr/wp-content/themes/oceanwp/assets/fonts/simple-line-icons/Simple-Line-Iconsb26c.ttf]
[www.cecilia-afia.fr/wp-content/themes/oceanwp/assets/fonts/simple-line-icons/Simple-Line-Iconsb26c.woff]
[www.cecilia-afia.fr/wp-content/themes/oceanwp/assets/css/third/simple-line-icons.min8d5a.css]
[www.cecilia-afia.fr/wp-content/themes/oceanwp/assets/css/style.minee9a.css]
[www.cecilia-afia.fr/wp-content/plugins/elementor/assets/lib/eicons/fonts/eiconsa481.eot]
[www.cecilia-afia.fr/wp-content/plugins/elementor/assets/lib/eicons/fonts/eiconsa481.woff]
[www.cecilia-afia.fr/wp-content/plugins/elementor/assets/lib/eicons/fonts/eiconsa481.ttf]
[www.cecilia-afia.fr/wp-content/plugins/elementor/assets/lib/eicons/css/elementor-icons.min21f9.css]
[www.cecilia-afia.fr/wp-content/plugins/elementor/assets/lib/animations/animations.minaeb9.css]
[www.cecilia-afia.fr/wp-content/plugins/elementor/assets/css/frontend-legacy.minaeb9.css]
[www.cecilia-afia.fr/wp-content/plugins/elementor/assets/css/frontend.minaeb9.css]
[www.cecilia-afia.fr/wp-content/uploads/elementor/css/post-6742653.css]
[www.cecilia-afia.fr/wp-content/uploads/elementor/css/global2653.css]
[www.cecilia-afia.fr/wp-content/uploads/2020/01/poemes.jpg]
[www.cecilia-afia.fr/wp-content/uploads/elementor/css/post-5364b7d.css]
[www.cecilia-afia.fr/wp-content/plugins/ocean-extra/assets/img/instagram-logo.png]
[www.cecilia-afia.fr/wp-content/plugins/ocean-extra/assets/img/flickr.png]
[www.cecilia-afia.fr/wp-content/plugins/ocean-extra/assets/css/widgets7404.css]
[www.cecilia-afia.fr/2022-introduction/index.html]
[gmpg.org/xfn/default.css]
[www.cecilia-afia.fr/wp-content/uploads/elementor/css/post-5561435.css]
[www.cecilia-afia.fr/indexa215.html]
[www.cecilia-afia.fr/wp-content/uploads/elementor/css/post-560ee0a.css]
[www.cecilia-afia.fr/index46ad.html]
[www.cecilia-afia.fr/indexd8eb.html]
[www.cecilia-afia.fr/wp-content/uploads/2019/07/IMG_4075-1.jpg]
[www.cecilia-afia.fr/wp-content/uploads/elementor/css/post-6184d.css]
[www.cecilia-afia.fr/index42dc.html]
[www.cecilia-afia.fr/index3c55.html]
[www.cecilia-afia.fr/wp-json/wp/v2/pages/8.json]
[www.cecilia-afia.fr/wp-content/uploads/elementor/css/post-3179b33.css]
[www.cecilia-afia.fr/index4ef8.html]
[www.cecilia-afia.fr/indexb190.html]
[www.cecilia-afia.fr/index5c90.html]
[www.cecilia-afia.fr/wp-json/wp/v2/pages/123.json]
[www.cecilia-afia.fr/index8cd4.html]
[www.cecilia-afia.fr/wp-json/oembed/1.0/embeda525.json]
[www.cecilia-afia.fr/wp-content/uploads/elementor/css/post-31c6f3.css]
[www.cecilia-afia.fr/indexc7e3.html]
[www.cecilia-afia.fr/wp-json/wp/v2/pages/126.json]
[www.cecilia-afia.fr/wp-json/oembed/1.0/embed46bf]
[www.cecilia-afia.fr/wp-content/uploads/elementor/css/post-367b5a8.css]
[www.cecilia-afia.fr/wp-json/oembed/1.0/embed183a.json]
[www.cecilia-afia.fr/index55d4.html]
[www.cecilia-afia.fr/wp-json/wp/v2/pages/10.json]
[www.cecilia-afia.fr/wp-json/oembed/1.0/embede3f4]
[www.cecilia-afia.fr/wp-json/oembed/1.0/embed13eb.json]
[www.cecilia-afia.fr/wp-json/oembed/1.0/embedf326.json]
[www.cecilia-afia.fr/wp-json/oembed/1.0/embed16c6]
[www.cecilia-afia.fr/wp-json/wp/v2/pages/14.json]
[www.cecilia-afia.fr/wp-json/oembed/1.0/embede0d5]
[www.cecilia-afia.fr/wp-content/uploads/elementor/css/post-85be2.css]
[www.cecilia-afia.fr/index2df4.html]
[www.cecilia-afia.fr/wp-json/oembed/1.0/embeddfc6.json]
[www.cecilia-afia.fr/indexb8c4.html]
[www.cecilia-afia.fr/wp-content/uploads/elementor/css/post-1264c6b.css]
[www.cecilia-afia.fr/index4ab3.html]
[www.cecilia-afia.fr/wp-json/oembed/1.0/embed1c66]
[www.cecilia-afia.fr/wp-content/uploads/elementor/css/post-10ca58.css]
[www.cecilia-afia.fr/index64b4.html]
[www.cecilia-afia.fr/wp-json/wp/v2/pages/12.json]
[www.cecilia-afia.fr/wp-json/oembed/1.0/embed7b36.json]
[afia.asso.fr/wp-content/uploads/2019/04/95_jan17-.pdf]
[www.cecilia-afia.fr/wp-content/uploads/elementor/css/post-14db50.css]
[www.cecilia-afia.fr/index0b69.html]
[www.nuitdelinfo.com/nuitinfo/_media/sujets_la_nuit_de_l_info_2017_-_sujet.html]
[www.cecilia-afia.fr/index678b.html]
[afia.asso.fr/wp-content/uploads/2015/06/91_jan16.pdf]
[www.cecilia-afia.fr/wp-json/oembed/1.0/embedbe8a]
[www.cecilia-afia.fr/wp-content/themes/oceanwp/assets/fonts/fontawesome/webfonts/fa-brands-400.html]
[www.cecilia-afia.fr/wp-content/themes/oceanwp/assets/fonts/fontawesome/webfonts/fa-brands-400.svg]
[www.cecilia-afia.fr/wp-content/themes/oceanwp/assets/fonts/fontawesome/webfonts/fa-regular-400.html]
[www.cecilia-afia.fr/wp-content/themes/oceanwp/assets/fonts/fontawesome/webfonts/fa-regular-400.svg]
[www.cecilia-afia.fr/wp-content/themes/oceanwp/assets/fonts/fontawesome/webfonts/fa-solid-900.html]
[www.cecilia-afia.fr/wp-content/themes/oceanwp/assets/fonts/fontawesome/webfonts/fa-solid-900.svg]
[www.cecilia-afia.fr/wp-content/themes/oceanwp/assets/fonts/simple-line-icons/Simple-Line-Iconsb26c.html]
[www.cecilia-afia.fr/wp-content/themes/oceanwp/assets/fonts/simple-line-icons/Simple-Line-Iconsb26c.svg]
[www.cecilia-afia.fr/wp-content/plugins/elementor/assets/lib/eicons/fonts/eiconsa481.html]
[www.cecilia-afia.fr/wp-content/plugins/elementor/assets/lib/eicons/fonts/eiconsa481.svg]
[afia-competitions.fr/wp-content/uploads/2018/01/afia-300x164.jpg]
[afia-competitions.fr/wp-content/uploads/2019/05/20190517_155942-1024x768.jpg]
[afia-competitions.fr/wp-content/uploads/2018/01/afia.jpg]
[afia-competitions.fr/wp-content/uploads/2018/01/cerv.png]
[afia-competitions.fr/wp-content/uploads/2018/01/cerv-300x192.png]
[afia-competitions.fr/wp-content/uploads/2019/04/Reglement13avr.pdf]
[afia-competitions.fr/wp-content/uploads/2018/01/pseudocode-1.pdf]
[afia-competitions.fr/wp-content/uploads/2018/01/2017-A_HUMAN_GUY.pdf]
[afia-competitions.fr/wp-content/uploads/2018/01/pdf_icon.png]
[afia-competitions.fr/wp-content/uploads/2018/01/2017-AOP.pdf]
[afia-competitions.fr/wp-content/uploads/2018/01/2017-Lepsis_Team.pdf]
[afia-competitions.fr/wp-content/uploads/2018/01/2017-Runners.pdf]
[afia-competitions.fr/wp-content/uploads/2021/12/CR_NuitInfo_AFIA2021.pdf]
[afia-competitions.fr/wp-content/uploads/2021/02/CR_NuitInfo_AFIA2020.pdf]
[afia-competitions.fr/wp-content/uploads/2019/12/CR_NuitInfo_AFIA2019.pdf]
[afia-competitions.fr/wp-content/uploads/2019/12/CRNuitInfoAFIA2018.pdf]
[afia-competitions.fr/wp-content/uploads/2019/12/CR_NuitInfo_AFIA2017.pdf]
[afia-competitions.fr/wp-content/uploads/2019/12/CR_NuitInfo_AFIA2016.pdf]
[afia-competitions.fr/wp-content/uploads/2019/12/CR_NuitInfo_AFIA2015.pdf]
